// Jest Snapshot v1, https://goo.gl/fbAQLP

exports[`<CharactersGrid/> renders a grid of characters cards 1`] = `
<div
  class="sc-bwzfXH hTrUmU"
>
  <div
    class="sc-bdVaJa dKPgmu"
  >
    <div>
      <strong>
        Iron Man
      </strong>
    </div>
  </div>
</div>
`;
