// Jest Snapshot v1, https://goo.gl/fbAQLP

exports[`CharacterCard renders a hero card 1`] = `
<div
  class="sc-bdVaJa dKPgmu"
>
  <div>
    <strong>
      Iron Man
    </strong>
  </div>
</div>
`;
